------------------------------------------------------------
Timing Analyzer Summary
------------------------------------------------------------

Type  : Slow 1100mV 85C Model Setup 'clk'
Slack : -0.558
TNS   : -3.860

Type  : Slow 1100mV 85C Model Hold 'clk'
Slack : 0.329
TNS   : 0.000

Type  : Slow 1100mV 85C Model Minimum Pulse Width 'clk'
Slack : -0.724
TNS   : -13.279

Type  : Slow 1100mV 0C Model Setup 'clk'
Slack : -0.630
TNS   : -3.853

Type  : Slow 1100mV 0C Model Hold 'clk'
Slack : 0.320
TNS   : 0.000

Type  : Slow 1100mV 0C Model Minimum Pulse Width 'clk'
Slack : -0.724
TNS   : -13.326

Type  : Fast 1100mV 85C Model Setup 'clk'
Slack : 0.334
TNS   : 0.000

Type  : Fast 1100mV 85C Model Hold 'clk'
Slack : 0.143
TNS   : 0.000

Type  : Fast 1100mV 85C Model Minimum Pulse Width 'clk'
Slack : -0.082
TNS   : -0.972

Type  : Fast 1100mV 0C Model Setup 'clk'
Slack : 0.385
TNS   : 0.000

Type  : Fast 1100mV 0C Model Hold 'clk'
Slack : 0.131
TNS   : 0.000

Type  : Fast 1100mV 0C Model Minimum Pulse Width 'clk'
Slack : -0.085
TNS   : -1.008

------------------------------------------------------------
